Using pre-set license
Built from '2022.3/staging' branch; Version is '2022.3.22f1 (887be4894c44) revision 8944612'; Using compiler version '192829333'; Build Type 'Release'
OS: 'Windows 10  (10.0.19045) 64bit Professional' Language: 'zh' Physical Memory: 32625 MB
BatchMode: 1, IsHumanControllingUs: 0, StartBugReporterOnCrash: 0, Is64bit: 1, IsPro: 1

COMMAND LINE ARGUMENTS:
C:\Program Files\Unity\Hub\Editor\2022.3.22f1\Editor\Unity.exe
-adb2
-batchMode
-noUpm
-name
AssetImportWorker0
-projectPath
C:/KID/Projects/Unity/TurnBasedBattle
-logFile
Logs/AssetImportWorker0.log
-srvPort
1805
Successfully changed project path to: C:/KID/Projects/Unity/TurnBasedBattle
C:/KID/Projects/Unity/TurnBasedBattle
[UnityMemory] Configuration Parameters - Can be set up in boot.config
    "memorysetup-bucket-allocator-granularity=16"
    "memorysetup-bucket-allocator-bucket-count=8"
    "memorysetup-bucket-allocator-block-size=33554432"
    "memorysetup-bucket-allocator-block-count=8"
    "memorysetup-main-allocator-block-size=16777216"
    "memorysetup-thread-allocator-block-size=16777216"
    "memorysetup-gfx-main-allocator-block-size=16777216"
    "memorysetup-gfx-thread-allocator-block-size=16777216"
    "memorysetup-cache-allocator-block-size=4194304"
    "memorysetup-typetree-allocator-block-size=2097152"
    "memorysetup-profiler-bucket-allocator-granularity=16"
    "memorysetup-profiler-bucket-allocator-bucket-count=8"
    "memorysetup-profiler-bucket-allocator-block-size=33554432"
    "memorysetup-profiler-bucket-allocator-block-count=8"
    "memorysetup-profiler-allocator-block-size=16777216"
    "memorysetup-profiler-editor-allocator-block-size=1048576"
    "memorysetup-temp-allocator-size-main=16777216"
    "memorysetup-job-temp-allocator-block-size=2097152"
    "memorysetup-job-temp-allocator-block-size-background=1048576"
    "memorysetup-job-temp-allocator-reduction-small-platforms=262144"
    "memorysetup-allocator-temp-initial-block-size-main=262144"
    "memorysetup-allocator-temp-initial-block-size-worker=262144"
    "memorysetup-temp-allocator-size-background-worker=32768"
    "memorysetup-temp-allocator-size-job-worker=262144"
    "memorysetup-temp-allocator-size-preload-manager=33554432"
    "memorysetup-temp-allocator-size-nav-mesh-worker=65536"
    "memorysetup-temp-allocator-size-audio-worker=65536"
    "memorysetup-temp-allocator-size-cloud-worker=32768"
    "memorysetup-temp-allocator-size-gi-baking-worker=262144"
    "memorysetup-temp-allocator-size-gfx=262144"
Player connection [9752] Host "[IP] 192.168.0.4 [Port] 0 [Flags] 2 [Guid] 1760352497 [EditorId] 1760352497 [Version] 1048832 [Id] WindowsEditor(7,DESKTOP-0V47HLA) [Debug] 1 [PackageName] WindowsEditor [ProjectName] Editor" joined multi-casting on [225.0.0.222:54997]...

Player connection [9752] Host "[IP] 192.168.0.4 [Port] 0 [Flags] 2 [Guid] 1760352497 [EditorId] 1760352497 [Version] 1048832 [Id] WindowsEditor(7,DESKTOP-0V47HLA) [Debug] 1 [PackageName] WindowsEditor [ProjectName] Editor" joined alternative multi-casting on [225.0.0.222:34997]...

[Physics::Module] Initialized MultithreadedJobDispatcher with 11 workers.
Refreshing native plugins compatible for Editor in 0.00 ms, found 0 plugins.
Preloading 0 native plugins for Editor in 0.00 ms.
Initialize engine version: 2022.3.22f1 (887be4894c44)
[Subsystems] Discovering subsystems at path C:/Program Files/Unity/Hub/Editor/2022.3.22f1/Editor/Data/Resources/UnitySubsystems
[Subsystems] Discovering subsystems at path C:/KID/Projects/Unity/TurnBasedBattle/Assets
GfxDevice: creating device client; threaded=0; jobified=0
Direct3D:
    Version:  Direct3D 11.0 [level 11.1]
    Renderer: NVIDIA GeForce RTX 2070 with Max-Q Design (ID=0x1f10)
    Vendor:   NVIDIA
    VRAM:     8006 MB
    Driver:   31.0.15.5186
Initialize mono
Mono path[0] = 'C:/Program Files/Unity/Hub/Editor/2022.3.22f1/Editor/Data/Managed'
Mono path[1] = 'C:/Program Files/Unity/Hub/Editor/2022.3.22f1/Editor/Data/MonoBleedingEdge/lib/mono/unityjit-win32'
Mono config path = 'C:/Program Files/Unity/Hub/Editor/2022.3.22f1/Editor/Data/MonoBleedingEdge/etc'
Using monoOptions --debugger-agent=transport=dt_socket,embedding=1,server=y,suspend=n,address=127.0.0.1:56616
Begin MonoManager ReloadAssembly
Registering precompiled unity dll's ...
Register platform support module: C:/Program Files/Unity/Hub/Editor/2022.3.22f1/Editor/Data/PlaybackEngines/WebGLSupport/UnityEditor.WebGL.Extensions.dll
Register platform support module: C:/Program Files/Unity/Hub/Editor/2022.3.22f1/Editor/Data/PlaybackEngines/AndroidPlayer/UnityEditor.Android.Extensions.dll
Register platform support module: C:/Program Files/Unity/Hub/Editor/2022.3.22f1/Editor/Data/PlaybackEngines/iOSSupport/UnityEditor.iOS.Extensions.dll
Register platform support module: C:/Program Files/Unity/Hub/Editor/2022.3.22f1/Editor/Data/PlaybackEngines/WindowsStandaloneSupport/UnityEditor.WindowsStandalone.Extensions.dll
Registered in 0.031269 seconds.
- Loaded All Assemblies, in  0.789 seconds
Native extension for WindowsStandalone target not found
[usbmuxd] Start listen thread
[usbmuxd] Listen thread started
Native extension for iOS target not found
Native extension for Android target not found
Android Extension - Scanning For ADB Devices 560 ms
Native extension for WebGL target not found
Mono: successfully reloaded assembly
- Finished resetting the current domain, in  1.199 seconds
Domain Reload Profiling: 1985ms
	BeginReloadAssembly (235ms)
		ExecutionOrderSort (0ms)
		DisableScriptedObjects (0ms)
		BackupInstance (0ms)
		ReleaseScriptingObjects (0ms)
		CreateAndSetChildDomain (1ms)
	RebuildCommonClasses (65ms)
	RebuildNativeTypeToScriptingClass (24ms)
	initialDomainReloadingComplete (135ms)
	LoadAllAssembliesAndSetupDomain (326ms)
		LoadAssemblies (234ms)
		RebuildTransferFunctionScriptingTraits (0ms)
		AnalyzeDomain (320ms)
			TypeCache.Refresh (318ms)
				TypeCache.ScanAssembly (294ms)
			ScanForSourceGeneratedMonoScriptInfo (1ms)
			ResolveRequiredComponents (1ms)
	FinalizeReload (1200ms)
		ReleaseScriptCaches (0ms)
		RebuildScriptCaches (0ms)
		SetupLoadedEditorAssemblies (1100ms)
			LogAssemblyErrors (0ms)
			InitializePlatformSupportModulesInManaged (796ms)
			SetLoadedEditorAssemblies (7ms)
			RefreshPlugins (0ms)
			BeforeProcessingInitializeOnLoad (3ms)
			ProcessInitializeOnLoadAttributes (219ms)
			ProcessInitializeOnLoadMethodAttributes (74ms)
			AfterProcessingInitializeOnLoad (0ms)
			EditorAssembliesLoaded (0ms)
		ExecutionOrderSort2 (0ms)
		AwakeInstancesAfterBackupRestoration (0ms)
========================================================================
Worker process is ready to serve import requests
Begin MonoManager ReloadAssembly
- Loaded All Assemblies, in  0.447 seconds
Refreshing native plugins compatible for Editor in 0.00 ms, found 0 plugins.
Native extension for WindowsStandalone target not found
Native extension for iOS target not found
Native extension for Android target not found
Native extension for WebGL target not found
Mono: successfully reloaded assembly
- Finished resetting the current domain, in  0.741 seconds
Domain Reload Profiling: 1185ms
	BeginReloadAssembly (277ms)
		ExecutionOrderSort (0ms)
		DisableScriptedObjects (11ms)
		BackupInstance (0ms)
		ReleaseScriptingObjects (0ms)
		CreateAndSetChildDomain (44ms)
	RebuildCommonClasses (73ms)
	RebuildNativeTypeToScriptingClass (18ms)
	initialDomainReloadingComplete (41ms)
	LoadAllAssembliesAndSetupDomain (34ms)
		LoadAssemblies (175ms)
		RebuildTransferFunctionScriptingTraits (0ms)
		AnalyzeDomain (28ms)
			TypeCache.Refresh (26ms)
				TypeCache.ScanAssembly (13ms)
			ScanForSourceGeneratedMonoScriptInfo (0ms)
			ResolveRequiredComponents (0ms)
	FinalizeReload (741ms)
		ReleaseScriptCaches (0ms)
		RebuildScriptCaches (0ms)
		SetupLoadedEditorAssemblies (499ms)
			LogAssemblyErrors (0ms)
			InitializePlatformSupportModulesInManaged (77ms)
			SetLoadedEditorAssemblies (7ms)
			RefreshPlugins (0ms)
			BeforeProcessingInitializeOnLoad (52ms)
			ProcessInitializeOnLoadAttributes (294ms)
			ProcessInitializeOnLoadMethodAttributes (47ms)
			AfterProcessingInitializeOnLoad (22ms)
			EditorAssembliesLoaded (1ms)
		ExecutionOrderSort2 (0ms)
		AwakeInstancesAfterBackupRestoration (18ms)
Launched and connected shader compiler UnityShaderCompiler.exe after 0.09 seconds
Refreshing native plugins compatible for Editor in 0.00 ms, found 0 plugins.
Preloading 0 native plugins for Editor in 0.00 ms.
Unloading 46 Unused Serialized files (Serialized files now loaded: 0)
Unloading 3 unused Assets / (48.7 KB). Loaded Objects now: 520.
Memory consumption went from 56.3 MB to 56.3 MB.
Total: 5.341100 ms (FindLiveObjects: 0.058900 ms CreateObjectMapping: 0.008300 ms MarkObjects: 5.183500 ms  DeleteObjects: 0.089300 ms)

AssetImportParameters requested are different than current active one (requested -> active):
  custom:video-decoder-ogg-theora: a1e56fd34408186e4bbccfd4996cb3dc -> 
  custom:container-muxer-webm: aa71ff27fc2769a1b78a27578f13a17b -> 
  custom:container-demuxer-webm: 4f35f7cbe854078d1ac9338744f61a02 -> 
  custom:video-encoder-webm-vp8: eb34c28f22e8b96e1ab97ce403110664 -> 
  custom:video-codec-MediaFoundation-h265: 746d11721c4dcdbdad8f713fa42b33f4 -> 
  custom:CustomObjectIndexerAttribute: 9a22284fe3817be447336de3de66b15e -> 
  custom:audio-encoder-webm-vorbis: bf7c407c2cedff20999df2af8eb42d56 -> 
  custom:framework-win-MediaFoundation: 216162199b28c13a410421893ffa2e32 -> 
  custom:SearchIndexIgnoredProperties: e643bd26f0fe6173181afceb89e7c659 -> 
  custom:container-demuxer-ogg: 62fdf1f143b41e24485cea50d1cbac27 -> 
  custom:video-decoder-webm-vp8: 9c59270c3fd7afecdb556c50c9e8de78 -> 
  custom:audio-decoder-ogg-vorbis: bf7c407c2cedff20999df2af8eb42d56 -> 
  custom:AudioImporter_EditorPlatform: d09bf68614088b80899f8185d706f6e7 -> 
========================================================================
Received Import Request.
  Time since last request: 4022.227959 seconds.
  path: Assets/Textures/Hero/006.png
  artifactKey: Guid(36c6c5bf977f09644aed0216877a1e95) Importer(2089858483,0ecaa5967403d082aa24f35e1b516d23)
Start importing Assets/Textures/Hero/006.png using Guid(36c6c5bf977f09644aed0216877a1e95) Importer(2089858483,0ecaa5967403d082aa24f35e1b516d23)  -> (artifact id: 'bd6e4b48327ab9634886ccbcd9ec0f66') in 0.386606 seconds
Number of updated asset objects reloaded before import = 0
Number of asset objects unloaded after import = 18
========================================================================
Received Import Request.
  Time since last request: 0.000027 seconds.
  path: Assets/Animation/UI/DialogUI/DialogUICloseState.anim
  artifactKey: Guid(e5b246f61b13ec841b2381d67c3e61c5) Importer(2089858483,0ecaa5967403d082aa24f35e1b516d23)
Start importing Assets/Animation/UI/DialogUI/DialogUICloseState.anim using Guid(e5b246f61b13ec841b2381d67c3e61c5) Importer(2089858483,0ecaa5967403d082aa24f35e1b516d23)  -> (artifact id: '6169a3106ef5a3100ee802ccc2f226b1') in 0.033173 seconds
Number of updated asset objects reloaded before import = 0
Number of asset objects unloaded after import = 1
========================================================================
Received Import Request.
  Time since last request: 0.000045 seconds.
  path: Assets/TurnBasedCombat/Controller/SkillController.cs
  artifactKey: Guid(870b1300396cbdc479b07eee59b8c6f5) Importer(2089858483,0ecaa5967403d082aa24f35e1b516d23)
Start importing Assets/TurnBasedCombat/Controller/SkillController.cs using Guid(870b1300396cbdc479b07eee59b8c6f5) Importer(2089858483,0ecaa5967403d082aa24f35e1b516d23)  -> (artifact id: 'e47e7016b0115606a011f1e66cddde5f') in 0.017799 seconds
Number of updated asset objects reloaded before import = 0
Number of asset objects unloaded after import = 1
========================================================================
Received Import Request.
  Time since last request: 0.000021 seconds.
  path: Assets/Animation/UI/DialogUI/DialogUIClosing.anim
  artifactKey: Guid(70a7721dc92576f4e836eea0acb73ee1) Importer(2089858483,0ecaa5967403d082aa24f35e1b516d23)
Start importing Assets/Animation/UI/DialogUI/DialogUIClosing.anim using Guid(70a7721dc92576f4e836eea0acb73ee1) Importer(2089858483,0ecaa5967403d082aa24f35e1b516d23)  -> (artifact id: '6ae579d2367a111ae636b7d80024f228') in 0.017986 seconds
Number of updated asset objects reloaded before import = 0
Number of asset objects unloaded after import = 1
========================================================================
Received Import Request.
  Time since last request: 0.000021 seconds.
  path: Assets/StreamingAssets/turnbasedcombat.unity3d.manifest
  artifactKey: Guid(6a55e14cbbd7d4047aeac67675b88694) Importer(2089858483,0ecaa5967403d082aa24f35e1b516d23)
Start importing Assets/StreamingAssets/turnbasedcombat.unity3d.manifest using Guid(6a55e14cbbd7d4047aeac67675b88694) Importer(2089858483,0ecaa5967403d082aa24f35e1b516d23)  -> (artifact id: '9bb25bf5cd679c5820a1b370c8898c5d') in 0.019945 seconds
Number of updated asset objects reloaded before import = 0
Number of asset objects unloaded after import = 1
========================================================================
Received Import Request.
  Time since last request: 0.000051 seconds.
  path: Assets/TurnBasedCombat/Prefab/BattleHeroUI.prefab
  artifactKey: Guid(8ef1734d01f8d0040a447defa2281414) Importer(2089858483,0ecaa5967403d082aa24f35e1b516d23)
Start importing Assets/TurnBasedCombat/Prefab/BattleHeroUI.prefab using Guid(8ef1734d01f8d0040a447defa2281414) Importer(2089858483,0ecaa5967403d082aa24f35e1b516d23)  -> (artifact id: 'e1b63be3897f963a84048d5ac8dea0f5') in 0.034612 seconds
Number of updated asset objects reloaded before import = 0
Number of asset objects unloaded after import = 25
========================================================================
Received Import Request.
  Time since last request: 0.000017 seconds.
  path: Assets/TurnBasedCombat/Entity/Hero.cs
  artifactKey: Guid(f0edbf8a8401aed4eb142baa2bb693e9) Importer(2089858483,0ecaa5967403d082aa24f35e1b516d23)
Start importing Assets/TurnBasedCombat/Entity/Hero.cs using Guid(f0edbf8a8401aed4eb142baa2bb693e9) Importer(2089858483,0ecaa5967403d082aa24f35e1b516d23)  -> (artifact id: '3e63eb35eec7a5f603c850a166e79661') in 0.017466 seconds
Number of updated asset objects reloaded before import = 0
Number of asset objects unloaded after import = 1
========================================================================
Received Import Request.
  Time since last request: 0.000046 seconds.
  path: Assets/TurnBasedCombat/Controller/BattleController.cs
  artifactKey: Guid(97ab516c9f8ac1e48a4012ad4675423a) Importer(2089858483,0ecaa5967403d082aa24f35e1b516d23)
Start importing Assets/TurnBasedCombat/Controller/BattleController.cs using Guid(97ab516c9f8ac1e48a4012ad4675423a) Importer(2089858483,0ecaa5967403d082aa24f35e1b516d23)  -> (artifact id: 'c3c39bff34d6eacdc46f6a6755d592e5') in 0.015190 seconds
Number of updated asset objects reloaded before import = 0
Number of asset objects unloaded after import = 1
========================================================================
Received Import Request.
  Time since last request: 0.000022 seconds.
  path: Assets/King.Event/NotificationCenter.cs
  artifactKey: Guid(b75b2e68a383c0543ac65f83061cf34e) Importer(2089858483,0ecaa5967403d082aa24f35e1b516d23)
Start importing Assets/King.Event/NotificationCenter.cs using Guid(b75b2e68a383c0543ac65f83061cf34e) Importer(2089858483,0ecaa5967403d082aa24f35e1b516d23)  -> (artifact id: '131ff7e62befaae797d76bee0e9ce386') in 0.023744 seconds
Number of updated asset objects reloaded before import = 0
Number of asset objects unloaded after import = 1
========================================================================
Received Import Request.
  Time since last request: 0.000046 seconds.
  path: Assets/StreamingAssets/turnbasedcombat.unity3d
  artifactKey: Guid(1956977a20e4a264c8d6a6298115d3db) Importer(2089858483,0ecaa5967403d082aa24f35e1b516d23)
Start importing Assets/StreamingAssets/turnbasedcombat.unity3d using Guid(1956977a20e4a264c8d6a6298115d3db) Importer(2089858483,0ecaa5967403d082aa24f35e1b516d23)  -> (artifact id: '58cdacb166c0cbb82ef89452610bf643') in 0.012656 seconds
Number of updated asset objects reloaded before import = 0
Number of asset objects unloaded after import = 1
========================================================================
Received Import Request.
  Time since last request: 0.000046 seconds.
  path: Assets/Animation/UI/LoginUI/LoginUICloseState.anim
  artifactKey: Guid(b02a89cc25bd5114199c33ad28bd7b0f) Importer(2089858483,0ecaa5967403d082aa24f35e1b516d23)
Start importing Assets/Animation/UI/LoginUI/LoginUICloseState.anim using Guid(b02a89cc25bd5114199c33ad28bd7b0f) Importer(2089858483,0ecaa5967403d082aa24f35e1b516d23)  -> (artifact id: '875539a3635462803eb7c64f8844aecb') in 0.019570 seconds
Number of updated asset objects reloaded before import = 0
Number of asset objects unloaded after import = 1
========================================================================
Received Import Request.
  Time since last request: 0.000021 seconds.
  path: Assets/Animation/UI/LoginUI/LoginUIController.controller
  artifactKey: Guid(afaa9b9bf791c0e46952ba373924701c) Importer(2089858483,0ecaa5967403d082aa24f35e1b516d23)
Start importing Assets/Animation/UI/LoginUI/LoginUIController.controller using Guid(afaa9b9bf791c0e46952ba373924701c) Importer(2089858483,0ecaa5967403d082aa24f35e1b516d23)  -> (artifact id: '02de6a51877c4441a9c05f8dbf298929') in 0.020988 seconds
Number of updated asset objects reloaded before import = 0
Number of asset objects unloaded after import = 14
========================================================================
Received Import Request.
  Time since last request: 0.000021 seconds.
  path: Assets/Animation/Skill/MagicSkill/magic_attack.anim
  artifactKey: Guid(43a2206c648cd59459fea07529de5c9c) Importer(2089858483,0ecaa5967403d082aa24f35e1b516d23)
Start importing Assets/Animation/Skill/MagicSkill/magic_attack.anim using Guid(43a2206c648cd59459fea07529de5c9c) Importer(2089858483,0ecaa5967403d082aa24f35e1b516d23)  -> (artifact id: '4ad1a300b3f73122ed19e9668cd94c58') in 0.019683 seconds
Number of updated asset objects reloaded before import = 0
Number of asset objects unloaded after import = 1
========================================================================
Received Import Request.
  Time since last request: 0.000030 seconds.
  path: Assets/Textures/Background/bg1.png
  artifactKey: Guid(fdaa31d49ca22fd479c71893a37dce84) Importer(2089858483,0ecaa5967403d082aa24f35e1b516d23)
Start importing Assets/Textures/Background/bg1.png using Guid(fdaa31d49ca22fd479c71893a37dce84) Importer(2089858483,0ecaa5967403d082aa24f35e1b516d23)  -> (artifact id: '220ca926192a6a637f031c3d2e085095') in 0.034154 seconds
Number of updated asset objects reloaded before import = 0
Number of asset objects unloaded after import = 3
========================================================================
Received Import Request.
  Time since last request: 0.000018 seconds.
  path: Assets/Animation/UI/RegisterUI/RegisterUIOpening.anim
  artifactKey: Guid(cb885442d1b45fc48b2bed3ad1addd72) Importer(2089858483,0ecaa5967403d082aa24f35e1b516d23)
Start importing Assets/Animation/UI/RegisterUI/RegisterUIOpening.anim using Guid(cb885442d1b45fc48b2bed3ad1addd72) Importer(2089858483,0ecaa5967403d082aa24f35e1b516d23)  -> (artifact id: '5a5da15fa87f2a6556aafb160aabf9b1') in 0.016624 seconds
Number of updated asset objects reloaded before import = 0
Number of asset objects unloaded after import = 1
========================================================================
Received Import Request.
  Time since last request: 0.000014 seconds.
  path: Assets/Textures/Effect/RespwanSkill/12.png
  artifactKey: Guid(d0fe35fa52345df4d979e00107a41a6f) Importer(2089858483,0ecaa5967403d082aa24f35e1b516d23)
Start importing Assets/Textures/Effect/RespwanSkill/12.png using Guid(d0fe35fa52345df4d979e00107a41a6f) Importer(2089858483,0ecaa5967403d082aa24f35e1b516d23)  -> (artifact id: '65c41c6204c3d3d3e5e6c9be21666143') in 0.032907 seconds
Number of updated asset objects reloaded before import = 0
Number of asset objects unloaded after import = 3
========================================================================
Received Import Request.
  Time since last request: 0.000021 seconds.
  path: Assets/Textures/Effect/RespwanSkill/17.png
  artifactKey: Guid(2510a7b20ff0f154dbdc7f5387d3fa22) Importer(2089858483,0ecaa5967403d082aa24f35e1b516d23)
Start importing Assets/Textures/Effect/RespwanSkill/17.png using Guid(2510a7b20ff0f154dbdc7f5387d3fa22) Importer(2089858483,0ecaa5967403d082aa24f35e1b516d23)  -> (artifact id: '92d9ed6af4728b2e4d13d6515b1b85c1') in 0.036941 seconds
Number of updated asset objects reloaded before import = 0
Number of asset objects unloaded after import = 3
========================================================================
Received Import Request.
  Time since last request: 0.000020 seconds.
  path: Assets/Textures/Effect/RespwanSkill/20.png
  artifactKey: Guid(457b60e8f07f75d44a985f568a0bdaa1) Importer(2089858483,0ecaa5967403d082aa24f35e1b516d23)
Start importing Assets/Textures/Effect/RespwanSkill/20.png using Guid(457b60e8f07f75d44a985f568a0bdaa1) Importer(2089858483,0ecaa5967403d082aa24f35e1b516d23)  -> (artifact id: '95f28c6f66f040890b88dde040ea77d0') in 0.039422 seconds
Number of updated asset objects reloaded before import = 0
Number of asset objects unloaded after import = 3
========================================================================
Received Import Request.
  Time since last request: 0.000015 seconds.
  path: Assets/Textures/Effect/RespwanSkill/09.png
  artifactKey: Guid(3753a40c12852d748aedb3ef9caadafa) Importer(2089858483,0ecaa5967403d082aa24f35e1b516d23)
Start importing Assets/Textures/Effect/RespwanSkill/09.png using Guid(3753a40c12852d748aedb3ef9caadafa) Importer(2089858483,0ecaa5967403d082aa24f35e1b516d23)  -> (artifact id: 'b5fa97a2895b8466c8d4276bc851a516') in 0.036303 seconds
Number of updated asset objects reloaded before import = 0
Number of asset objects unloaded after import = 3
========================================================================
Received Import Request.
  Time since last request: 0.000021 seconds.
  path: Assets/Textures/Effect/RespwanSkill/18.png
  artifactKey: Guid(1318a539d8591064aa072f8ae55e3407) Importer(2089858483,0ecaa5967403d082aa24f35e1b516d23)
Start importing Assets/Textures/Effect/RespwanSkill/18.png using Guid(1318a539d8591064aa072f8ae55e3407) Importer(2089858483,0ecaa5967403d082aa24f35e1b516d23)  -> (artifact id: '4e38af1f1f73ad25492c4f7a2489f275') in 0.039416 seconds
Number of updated asset objects reloaded before import = 0
Number of asset objects unloaded after import = 3
========================================================================
Received Import Request.
  Time since last request: 0.000033 seconds.
  path: Assets/Textures/Effect/PhysicalSkill/physical_skill_03.png
  artifactKey: Guid(da2f35522fffa904680938dc8f26ec2f) Importer(2089858483,0ecaa5967403d082aa24f35e1b516d23)
Start importing Assets/Textures/Effect/PhysicalSkill/physical_skill_03.png using Guid(da2f35522fffa904680938dc8f26ec2f) Importer(2089858483,0ecaa5967403d082aa24f35e1b516d23)  -> (artifact id: '93668e66b4db208b35695797ab3b2ee9') in 0.040364 seconds
Number of updated asset objects reloaded before import = 0
Number of asset objects unloaded after import = 3
========================================================================
Received Import Request.
  Time since last request: 0.000031 seconds.
  path: Assets/Textures/Effect/RespwanSkill/10.png
  artifactKey: Guid(14bb078496cd74146b2649950b6a7dd2) Importer(2089858483,0ecaa5967403d082aa24f35e1b516d23)
Start importing Assets/Textures/Effect/RespwanSkill/10.png using Guid(14bb078496cd74146b2649950b6a7dd2) Importer(2089858483,0ecaa5967403d082aa24f35e1b516d23)  -> (artifact id: '6d040e9656fdb495a93555341c99ef41') in 0.042250 seconds
Number of updated asset objects reloaded before import = 0
Number of asset objects unloaded after import = 3
========================================================================
Received Import Request.
  Time since last request: 0.000021 seconds.
  path: Assets/Textures/Effect/RespwanSkill/06.png
  artifactKey: Guid(00395c75ebee18b4ea68fb7ef4bc9662) Importer(2089858483,0ecaa5967403d082aa24f35e1b516d23)
Start importing Assets/Textures/Effect/RespwanSkill/06.png using Guid(00395c75ebee18b4ea68fb7ef4bc9662) Importer(2089858483,0ecaa5967403d082aa24f35e1b516d23)  -> (artifact id: 'd78cd60577548937b911123abd805d36') in 0.034803 seconds
Number of updated asset objects reloaded before import = 0
Number of asset objects unloaded after import = 3
========================================================================
Received Import Request.
  Time since last request: 0.000025 seconds.
  path: Assets/TurnBasedCombat/UnityEntity/HeroMono.cs
  artifactKey: Guid(133784d987a2a7949896565214d9d2ef) Importer(2089858483,0ecaa5967403d082aa24f35e1b516d23)
Start importing Assets/TurnBasedCombat/UnityEntity/HeroMono.cs using Guid(133784d987a2a7949896565214d9d2ef) Importer(2089858483,0ecaa5967403d082aa24f35e1b516d23)  -> (artifact id: '34ec56d396f89fe10fef828ca8e5cb26') in 0.018990 seconds
Number of updated asset objects reloaded before import = 0
Number of asset objects unloaded after import = 1
========================================================================
Received Import Request.
  Time since last request: 0.000033 seconds.
  path: Assets/TurnBasedCombat/Controller/SystemSetting.cs
  artifactKey: Guid(9acb74bc194d0a74d8c402703e40c94f) Importer(2089858483,0ecaa5967403d082aa24f35e1b516d23)
Start importing Assets/TurnBasedCombat/Controller/SystemSetting.cs using Guid(9acb74bc194d0a74d8c402703e40c94f) Importer(2089858483,0ecaa5967403d082aa24f35e1b516d23)  -> (artifact id: 'e7951d94b2516be771e76da6985dec08') in 0.012836 seconds
Number of updated asset objects reloaded before import = 0
Number of asset objects unloaded after import = 1
========================================================================
Received Import Request.
  Time since last request: 0.000020 seconds.
  path: Assets/Textures/Effect/RespwanSkill/11.png
  artifactKey: Guid(f9e7cf7515674bc4a98f5c362cce7718) Importer(2089858483,0ecaa5967403d082aa24f35e1b516d23)
Start importing Assets/Textures/Effect/RespwanSkill/11.png using Guid(f9e7cf7515674bc4a98f5c362cce7718) Importer(2089858483,0ecaa5967403d082aa24f35e1b516d23)  -> (artifact id: 'c311c4b2fcb9e45877209739992dad64') in 0.030410 seconds
Number of updated asset objects reloaded before import = 0
Number of asset objects unloaded after import = 3
========================================================================
Received Import Request.
  Time since last request: 0.000045 seconds.
  path: Assets/Animation/UI/LoginUI/LoginUIOpening.anim
  artifactKey: Guid(52bdab93198ed824a9f5446b67e66625) Importer(2089858483,0ecaa5967403d082aa24f35e1b516d23)
Start importing Assets/Animation/UI/LoginUI/LoginUIOpening.anim using Guid(52bdab93198ed824a9f5446b67e66625) Importer(2089858483,0ecaa5967403d082aa24f35e1b516d23)  -> (artifact id: '7ba057f1b1a9e782d9bbb1c54734bd50') in 0.024571 seconds
Number of updated asset objects reloaded before import = 0
Number of asset objects unloaded after import = 1
========================================================================
Received Import Request.
  Time since last request: 0.000023 seconds.
  path: Assets/Textures/Effect/RespwanSkill/15.png
  artifactKey: Guid(3b94339d1fad00b4da9f06f29065f2c5) Importer(2089858483,0ecaa5967403d082aa24f35e1b516d23)
Start importing Assets/Textures/Effect/RespwanSkill/15.png using Guid(3b94339d1fad00b4da9f06f29065f2c5) Importer(2089858483,0ecaa5967403d082aa24f35e1b516d23)  -> (artifact id: 'ccc3e455d454618ca00b2e83e40745d3') in 0.037957 seconds
Number of updated asset objects reloaded before import = 0
Number of asset objects unloaded after import = 3
========================================================================
Received Import Request.
  Time since last request: 0.000023 seconds.
  path: Assets/Animation/UI/SettingUI/SettingUIClosing.anim
  artifactKey: Guid(5c99dbf054b416b4c99d6335ab84bd3a) Importer(2089858483,0ecaa5967403d082aa24f35e1b516d23)
Start importing Assets/Animation/UI/SettingUI/SettingUIClosing.anim using Guid(5c99dbf054b416b4c99d6335ab84bd3a) Importer(2089858483,0ecaa5967403d082aa24f35e1b516d23)  -> (artifact id: 'f334c13cf8fd90c16ffc2dc4d98110de') in 0.021243 seconds
Number of updated asset objects reloaded before import = 0
Number of asset objects unloaded after import = 1
========================================================================
Received Import Request.
  Time since last request: 0.000031 seconds.
  path: Assets/Textures/Hero/003.png
  artifactKey: Guid(15ebfadbd4a1d0b448f3cba59a408629) Importer(2089858483,0ecaa5967403d082aa24f35e1b516d23)
Start importing Assets/Textures/Hero/003.png using Guid(15ebfadbd4a1d0b448f3cba59a408629) Importer(2089858483,0ecaa5967403d082aa24f35e1b516d23)  -> (artifact id: '58d4d0e6754d345c829c950ce852e3c4') in 0.185433 seconds
Number of updated asset objects reloaded before import = 0
Number of asset objects unloaded after import = 66
========================================================================
Received Import Request.
  Time since last request: 0.000015 seconds.
  path: Assets/TurnBasedCombat/Resources/ICO/003.png
  artifactKey: Guid(c00f2284b8a379749a178a690490fc91) Importer(2089858483,0ecaa5967403d082aa24f35e1b516d23)
Start importing Assets/TurnBasedCombat/Resources/ICO/003.png using Guid(c00f2284b8a379749a178a690490fc91) Importer(2089858483,0ecaa5967403d082aa24f35e1b516d23)  -> (artifact id: '4e6fa9097b8269e939b27b1d01d59711') in 0.033556 seconds
Number of updated asset objects reloaded before import = 0
Number of asset objects unloaded after import = 3
========================================================================
Received Import Request.
  Time since last request: 0.000023 seconds.
  path: Assets/TurnBasedCombat/Resources/SkillEffect/PhysicalSkill/PhysicalSkill.prefab
  artifactKey: Guid(904f2f21d8604e246a1d41f314b8e8cd) Importer(2089858483,0ecaa5967403d082aa24f35e1b516d23)
Start importing Assets/TurnBasedCombat/Resources/SkillEffect/PhysicalSkill/PhysicalSkill.prefab using Guid(904f2f21d8604e246a1d41f314b8e8cd) Importer(2089858483,0ecaa5967403d082aa24f35e1b516d23)  -> (artifact id: '0c7cbcbfe1e1084f38973ec620d20f26') in 0.023203 seconds
Number of updated asset objects reloaded before import = 0
Number of asset objects unloaded after import = 15
========================================================================
Received Import Request.
  Time since last request: 0.000025 seconds.
  path: Assets/TurnBasedCombat/Controller/Base/BaseInputController.cs
  artifactKey: Guid(751dc0343d9685249ae2111b8a58a0ee) Importer(2089858483,0ecaa5967403d082aa24f35e1b516d23)
Start importing Assets/TurnBasedCombat/Controller/Base/BaseInputController.cs using Guid(751dc0343d9685249ae2111b8a58a0ee) Importer(2089858483,0ecaa5967403d082aa24f35e1b516d23)  -> (artifact id: '020a403415990b945b50593571e95f0e') in 0.018744 seconds
Number of updated asset objects reloaded before import = 0
Number of asset objects unloaded after import = 1
========================================================================
Received Import Request.
  Time since last request: 0.000043 seconds.
  path: Assets/TurnBasedCombat/Prefab/HeroHubPrefab.prefab
  artifactKey: Guid(9ee63402fb8fda945a6f53314d4bd39a) Importer(2089858483,0ecaa5967403d082aa24f35e1b516d23)
Start importing Assets/TurnBasedCombat/Prefab/HeroHubPrefab.prefab using Guid(9ee63402fb8fda945a6f53314d4bd39a) Importer(2089858483,0ecaa5967403d082aa24f35e1b516d23)  -> (artifact id: 'bc8e9d5a2c6dba0912823de61373e08f') in 0.015197 seconds
Number of updated asset objects reloaded before import = 0
Number of asset objects unloaded after import = 7
========================================================================
Received Import Request.
  Time since last request: 0.000021 seconds.
  path: Assets/Textures/Hero/001.png
  artifactKey: Guid(304d2045514ce3d45840fe5a4bf8d42a) Importer(2089858483,0ecaa5967403d082aa24f35e1b516d23)
Start importing Assets/Textures/Hero/001.png using Guid(304d2045514ce3d45840fe5a4bf8d42a) Importer(2089858483,0ecaa5967403d082aa24f35e1b516d23)  -> (artifact id: '5336a67e3cbe5b7409bd24b97d82164f') in 0.177145 seconds
Number of updated asset objects reloaded before import = 0
Number of asset objects unloaded after import = 66
========================================================================
Received Import Request.
  Time since last request: 0.000023 seconds.
  path: Assets/Textures/Background/bg3.png
  artifactKey: Guid(735f0ddab8ac5d341913be1c6b93d8b8) Importer(2089858483,0ecaa5967403d082aa24f35e1b516d23)
Start importing Assets/Textures/Background/bg3.png using Guid(735f0ddab8ac5d341913be1c6b93d8b8) Importer(2089858483,0ecaa5967403d082aa24f35e1b516d23)  -> (artifact id: 'd1e5249940fd7c0cff06f3bdab159c56') in 0.034208 seconds
Number of updated asset objects reloaded before import = 0
Number of asset objects unloaded after import = 3
========================================================================
Received Import Request.
  Time since last request: 0.000032 seconds.
  path: Assets/StreamingAssets/StreamingAssets
  artifactKey: Guid(29bd693e026d3404bbc9d213e13c0f3a) Importer(2089858483,0ecaa5967403d082aa24f35e1b516d23)
Start importing Assets/StreamingAssets/StreamingAssets using Guid(29bd693e026d3404bbc9d213e13c0f3a) Importer(2089858483,0ecaa5967403d082aa24f35e1b516d23)  -> (artifact id: '66fe29ad3b5db1b0aeef03ba28f54217') in 0.014290 seconds
Number of updated asset objects reloaded before import = 0
Number of asset objects unloaded after import = 1
========================================================================
Received Import Request.
  Time since last request: 0.000050 seconds.
  path: Assets/Textures/Effect/PhysicalSkill/physical_skill_04.png
  artifactKey: Guid(1019d6ad2243c9b4596db300f0d09c53) Importer(2089858483,0ecaa5967403d082aa24f35e1b516d23)
Start importing Assets/Textures/Effect/PhysicalSkill/physical_skill_04.png using Guid(1019d6ad2243c9b4596db300f0d09c53) Importer(2089858483,0ecaa5967403d082aa24f35e1b516d23)  -> (artifact id: 'b6b4d0839856cdbeeb45e04232b819d6') in 0.026373 seconds
Number of updated asset objects reloaded before import = 0
Number of asset objects unloaded after import = 3
========================================================================
Received Import Request.
  Time since last request: 0.000019 seconds.
  path: Assets/Textures/Effect/RespwanSkill/16.png
  artifactKey: Guid(449029a5a75993949ac479ed659cb9e3) Importer(2089858483,0ecaa5967403d082aa24f35e1b516d23)
Start importing Assets/Textures/Effect/RespwanSkill/16.png using Guid(449029a5a75993949ac479ed659cb9e3) Importer(2089858483,0ecaa5967403d082aa24f35e1b516d23)  -> (artifact id: '48b29b561a6c8b1a459d450a25de36dc') in 0.037877 seconds
Number of updated asset objects reloaded before import = 0
Number of asset objects unloaded after import = 3
========================================================================
Received Import Request.
  Time since last request: 0.000076 seconds.
  path: Assets/TurnBasedCombat/Controller/Interface/IInputController.cs
  artifactKey: Guid(f33c7074adb8ace4c9abf22d58682e10) Importer(2089858483,0ecaa5967403d082aa24f35e1b516d23)
Start importing Assets/TurnBasedCombat/Controller/Interface/IInputController.cs using Guid(f33c7074adb8ace4c9abf22d58682e10) Importer(2089858483,0ecaa5967403d082aa24f35e1b516d23)  -> (artifact id: '56f3b424c469445932134a594a435788') in 0.014079 seconds
Number of updated asset objects reloaded before import = 0
Number of asset objects unloaded after import = 1
========================================================================
Received Import Request.
  Time since last request: 0.000027 seconds.
  path: Assets/TurnBasedCombat/UI/Interface/IBattleHeroHub.cs
  artifactKey: Guid(1d601be8966057d499f9dbd11f722d2b) Importer(2089858483,0ecaa5967403d082aa24f35e1b516d23)
Start importing Assets/TurnBasedCombat/UI/Interface/IBattleHeroHub.cs using Guid(1d601be8966057d499f9dbd11f722d2b) Importer(2089858483,0ecaa5967403d082aa24f35e1b516d23)  -> (artifact id: '5d6f9378a07b59bf5f7350a9f40f752e') in 0.013856 seconds
Number of updated asset objects reloaded before import = 0
Number of asset objects unloaded after import = 1
========================================================================
Received Import Request.
  Time since last request: 0.000018 seconds.
  path: Assets/TurnBasedCombat/UI/Base/BaseBattleHeroHub.cs
  artifactKey: Guid(4cdcf918ae8870b408a6ad640d901a7a) Importer(2089858483,0ecaa5967403d082aa24f35e1b516d23)
Start importing Assets/TurnBasedCombat/UI/Base/BaseBattleHeroHub.cs using Guid(4cdcf918ae8870b408a6ad640d901a7a) Importer(2089858483,0ecaa5967403d082aa24f35e1b516d23)  -> (artifact id: 'b113e7eddfa891701e145c48016a23d4') in 0.019941 seconds
Number of updated asset objects reloaded before import = 0
Number of asset objects unloaded after import = 1
========================================================================
Received Import Request.
  Time since last request: 0.000146 seconds.
  path: Assets/TurnBasedCombat/Controller/Global.cs
  artifactKey: Guid(ff65963006d306d42986ec5339071a69) Importer(2089858483,0ecaa5967403d082aa24f35e1b516d23)
Start importing Assets/TurnBasedCombat/Controller/Global.cs using Guid(ff65963006d306d42986ec5339071a69) Importer(2089858483,0ecaa5967403d082aa24f35e1b516d23)  -> (artifact id: '406532ce44eabcc20009b0842a77586c') in 0.016718 seconds
Number of updated asset objects reloaded before import = 0
Number of asset objects unloaded after import = 1
========================================================================
Received Import Request.
  Time since last request: 0.000036 seconds.
  path: Assets/Textures/Effect/RespwanSkill/02.png
  artifactKey: Guid(8e2d651233bb2934aab332335a815c30) Importer(2089858483,0ecaa5967403d082aa24f35e1b516d23)
Start importing Assets/Textures/Effect/RespwanSkill/02.png using Guid(8e2d651233bb2934aab332335a815c30) Importer(2089858483,0ecaa5967403d082aa24f35e1b516d23)  -> (artifact id: 'e6f870a5b0772145ea25577849314014') in 0.033147 seconds
Number of updated asset objects reloaded before import = 0
Number of asset objects unloaded after import = 3
========================================================================
Received Import Request.
  Time since last request: 0.000016 seconds.
  path: Assets/TurnBasedCombat/Example/PlayerInputController.cs
  artifactKey: Guid(fa1e76a23a821444685ec4a5faf85da3) Importer(2089858483,0ecaa5967403d082aa24f35e1b516d23)
Start importing Assets/TurnBasedCombat/Example/PlayerInputController.cs using Guid(fa1e76a23a821444685ec4a5faf85da3) Importer(2089858483,0ecaa5967403d082aa24f35e1b516d23)  -> (artifact id: 'de41bc4dffd6d52fbf6a0f2ea392bff4') in 0.016943 seconds
Number of updated asset objects reloaded before import = 0
Number of asset objects unloaded after import = 1
========================================================================
Received Import Request.
  Time since last request: 0.000023 seconds.
  path: Assets/TurnBasedCombat/Editor/TurnBasedCombatEditor.cs
  artifactKey: Guid(b00cb7bf9325e0d4f9bd55dd62ffd054) Importer(2089858483,0ecaa5967403d082aa24f35e1b516d23)
Start importing Assets/TurnBasedCombat/Editor/TurnBasedCombatEditor.cs using Guid(b00cb7bf9325e0d4f9bd55dd62ffd054) Importer(2089858483,0ecaa5967403d082aa24f35e1b516d23)  -> (artifact id: 'e7cefd79fc86c037b551f6968c61796d') in 0.015141 seconds
Number of updated asset objects reloaded before import = 0
Number of asset objects unloaded after import = 1
========================================================================
Received Import Request.
  Time since last request: 0.000024 seconds.
  path: Assets/TurnBasedCombat/Skills/PhysicSkill.cs
  artifactKey: Guid(e271b74bc55897848b92589434d727fd) Importer(2089858483,0ecaa5967403d082aa24f35e1b516d23)
Start importing Assets/TurnBasedCombat/Skills/PhysicSkill.cs using Guid(e271b74bc55897848b92589434d727fd) Importer(2089858483,0ecaa5967403d082aa24f35e1b516d23)  -> (artifact id: 'b669ddad74cf70d966ab7476416ad957') in 0.011642 seconds
Number of updated asset objects reloaded before import = 0
Number of asset objects unloaded after import = 1
========================================================================
Received Import Request.
  Time since last request: 0.000028 seconds.
  path: Assets/Animation/Hero/005/Idle.anim
  artifactKey: Guid(89d7a0de6f4c92842be9cfe884d8e746) Importer(2089858483,0ecaa5967403d082aa24f35e1b516d23)
Start importing Assets/Animation/Hero/005/Idle.anim using Guid(89d7a0de6f4c92842be9cfe884d8e746) Importer(2089858483,0ecaa5967403d082aa24f35e1b516d23)  -> (artifact id: '7bc32c4337b88a81621880655c362ac4') in 0.018976 seconds
Number of updated asset objects reloaded before import = 0
Number of asset objects unloaded after import = 1
========================================================================
Received Import Request.
  Time since last request: 0.000021 seconds.
  path: Assets/Animation/UI/SmallTipUI/SamllTipClosing.anim
  artifactKey: Guid(8d3eb1490953afd488469e8f0b388ede) Importer(2089858483,0ecaa5967403d082aa24f35e1b516d23)
Start importing Assets/Animation/UI/SmallTipUI/SamllTipClosing.anim using Guid(8d3eb1490953afd488469e8f0b388ede) Importer(2089858483,0ecaa5967403d082aa24f35e1b516d23)  -> (artifact id: '010a7f44f423fa58b5d73da11b94ad1e') in 0.019973 seconds
Number of updated asset objects reloaded before import = 0
Number of asset objects unloaded after import = 1
========================================================================
Received Import Request.
  Time since last request: 0.000158 seconds.
  path: Assets/Animation/UI/SmallTipUI/SmallTipOpenState.anim
  artifactKey: Guid(363dace59dbfeb84bb8f853c200fe72b) Importer(2089858483,0ecaa5967403d082aa24f35e1b516d23)
Start importing Assets/Animation/UI/SmallTipUI/SmallTipOpenState.anim using Guid(363dace59dbfeb84bb8f853c200fe72b) Importer(2089858483,0ecaa5967403d082aa24f35e1b516d23)  -> (artifact id: '6df2c852a72baeafe6337b726be6f95d') in 0.019653 seconds
Number of updated asset objects reloaded before import = 0
Number of asset objects unloaded after import = 1
========================================================================
Received Import Request.
  Time since last request: 0.000015 seconds.
  path: Assets/Animation/UI/SmallTipUI/SmallTipCloseState.anim
  artifactKey: Guid(58d24f8b06d68c54fad49a9b40947875) Importer(2089858483,0ecaa5967403d082aa24f35e1b516d23)
Start importing Assets/Animation/UI/SmallTipUI/SmallTipCloseState.anim using Guid(58d24f8b06d68c54fad49a9b40947875) Importer(2089858483,0ecaa5967403d082aa24f35e1b516d23)  -> (artifact id: 'd381ddd8163c14253e07a99a7e949570') in 0.014856 seconds
Number of updated asset objects reloaded before import = 0
Number of asset objects unloaded after import = 1
========================================================================
Received Import Request.
  Time since last request: 0.000021 seconds.
  path: Assets/TurnBasedCombat/Editor/BuffChooseWindow.cs
  artifactKey: Guid(cb683b6e218ca694f975a79293da22e6) Importer(2089858483,0ecaa5967403d082aa24f35e1b516d23)
Start importing Assets/TurnBasedCombat/Editor/BuffChooseWindow.cs using Guid(cb683b6e218ca694f975a79293da22e6) Importer(2089858483,0ecaa5967403d082aa24f35e1b516d23)  -> (artifact id: 'f9de612130d4af73bbb4fce58bba4326') in 0.013312 seconds
Number of updated asset objects reloaded before import = 0
Number of asset objects unloaded after import = 1
========================================================================
Received Import Request.
  Time since last request: 0.000016 seconds.
  path: Assets/Animation/Hero/005/005.controller
  artifactKey: Guid(38ee84c509c59b54e81fb0ae63443b68) Importer(2089858483,0ecaa5967403d082aa24f35e1b516d23)
Start importing Assets/Animation/Hero/005/005.controller using Guid(38ee84c509c59b54e81fb0ae63443b68) Importer(2089858483,0ecaa5967403d082aa24f35e1b516d23)  -> (artifact id: '2661986579149045ccba75f45190214e') in 0.016557 seconds
Number of updated asset objects reloaded before import = 0
Number of asset objects unloaded after import = 59
========================================================================
Received Import Request.
  Time since last request: 0.000019 seconds.
  path: Assets/Animation/Skill/PhysicalSkill/PhysicalSkill.controller
  artifactKey: Guid(8fc1c05c8c2e1cb4d8c87d394fedf88c) Importer(2089858483,0ecaa5967403d082aa24f35e1b516d23)
Start importing Assets/Animation/Skill/PhysicalSkill/PhysicalSkill.controller using Guid(8fc1c05c8c2e1cb4d8c87d394fedf88c) Importer(2089858483,0ecaa5967403d082aa24f35e1b516d23)  -> (artifact id: 'da74c00940dff53698a794ce1d6ed165') in 0.017093 seconds
Number of updated asset objects reloaded before import = 0
Number of asset objects unloaded after import = 8
========================================================================
Received Import Request.
  Time since last request: 0.000016 seconds.
  path: Assets/TurnBasedCombat/Resources/Hero/005.prefab
  artifactKey: Guid(39d276af852845640872a29700ea1d6a) Importer(2089858483,0ecaa5967403d082aa24f35e1b516d23)
Start importing Assets/TurnBasedCombat/Resources/Hero/005.prefab using Guid(39d276af852845640872a29700ea1d6a) Importer(2089858483,0ecaa5967403d082aa24f35e1b516d23)  -> (artifact id: '5eda36629eeeb32c8c479c801331978c') in 0.027408 seconds
Number of updated asset objects reloaded before import = 0
Number of asset objects unloaded after import = 72
========================================================================
Received Import Request.
  Time since last request: 0.000020 seconds.
  path: Assets/Textures/Effect/PhysicalSkill/physical_skill_02.png
  artifactKey: Guid(a5090aedc65b6564c82e79b3328af2a4) Importer(2089858483,0ecaa5967403d082aa24f35e1b516d23)
Start importing Assets/Textures/Effect/PhysicalSkill/physical_skill_02.png using Guid(a5090aedc65b6564c82e79b3328af2a4) Importer(2089858483,0ecaa5967403d082aa24f35e1b516d23)  -> (artifact id: '5ad578f6532e0639b482e6e7eacf22dc') in 0.035532 seconds
Number of updated asset objects reloaded before import = 0
Number of asset objects unloaded after import = 3
========================================================================
Received Import Request.
  Time since last request: 0.000016 seconds.
  path: Assets/Textures/Effect/RespwanSkill/04.png
  artifactKey: Guid(dfe734c41c14a684a900f68dc6b2ad9f) Importer(2089858483,0ecaa5967403d082aa24f35e1b516d23)
Start importing Assets/Textures/Effect/RespwanSkill/04.png using Guid(dfe734c41c14a684a900f68dc6b2ad9f) Importer(2089858483,0ecaa5967403d082aa24f35e1b516d23)  -> (artifact id: 'ce2508239e31dcf6049cb945649652e7') in 0.030300 seconds
Number of updated asset objects reloaded before import = 0
Number of asset objects unloaded after import = 3
========================================================================
Received Import Request.
  Time since last request: 0.000020 seconds.
  path: Assets/Textures/UI/UI7.psd
  artifactKey: Guid(169aab8a8f633f74a9e52f7d5fd21932) Importer(2089858483,0ecaa5967403d082aa24f35e1b516d23)
Start importing Assets/Textures/UI/UI7.psd using Guid(169aab8a8f633f74a9e52f7d5fd21932) Importer(2089858483,0ecaa5967403d082aa24f35e1b516d23)  -> (artifact id: '778bb38d0598b3fe115fa4f138a5ae07') in 0.335192 seconds
Number of updated asset objects reloaded before import = 0
Number of asset objects unloaded after import = 150
========================================================================
Received Import Request.
  Time since last request: 0.000034 seconds.
  path: Assets/Textures/UI/UI1.psd
  artifactKey: Guid(fd8fe28bd91dfe145b313edff09bd884) Importer(2089858483,0ecaa5967403d082aa24f35e1b516d23)
Start importing Assets/Textures/UI/UI1.psd using Guid(fd8fe28bd91dfe145b313edff09bd884) Importer(2089858483,0ecaa5967403d082aa24f35e1b516d23)  -> (artifact id: 'c8cf6c3e0188bc7f2cd1941b6c6939bc') in 0.694607 seconds
Number of updated asset objects reloaded before import = 0
Number of asset objects unloaded after import = 366
